// Jest Snapshot v1, https://goo.gl/fbAQLP

exports[`Initial Refresh If all tokens are present, do not refresh 1`] = `
<div>
  <div>
    Container
  </div>
</div>
`;

exports[`Initial Refresh If no refresh token is there, do not refresh, and call signOut 1`] = `
<div>
  <div>
    Container
  </div>
</div>
`;

exports[`Initial Refresh If refresh condition is there and if the refresh component is there, render inital refresh component and api call and reducer call and state update API call is successfull 1`] = `
<div>
  <div>
    Container
  </div>
</div>
`;

exports[`Initial Refresh If refresh condition is there and if the refresh component is there, render inital refresh component and api call and reducer call and state update API call is successfull 2`] = `
<div>
  <div>
    Container
  </div>
</div>
`;
